<html>
<body>
<pre>
<h1>µVision Build Log</h1>
<h2>Project:</h2>
E:\cox\CoX\CoX_Peripheral\CoX_Peripheral_LM3S\spi\test\suite1\rvmdk\suite.uvproj
Project File Date:  08/09/2012

<h2>Output:</h2>
Build target 'Debug_Flash'
assembling startup_rvmdk.s...
compiling xuart.c...
compiling xcore.c...
..\..\..\..\libcox\xcore.c(753): warning:  #61-D: integer operation result is out of range
..\..\..\..\libcox\xcore.c(771): warning:  #61-D: integer operation result is out of range
compiling xdebug.c...
compiling xgpio.c...
compiling xspi.c...
compiling xsysctl.c...
compiling main.c...
compiling test.c...
..\..\..\..\testframe\test.c(350): warning:  #68-D: integer conversion resulted in a change of sign
compiling testport.c...
compiling spitest00.c...
compiling spitest01.c...
compiling spitest02.c...
compiling spitest03.c...
compiling testcase.c...
linking...
Program Size: Code=17396 RO-data=888 RW-data=212 ZI-data=4860  
".\obj\suite.axf" - 0 Error(s), 3 Warning(s).
